// Jest Snapshot v1, https://goo.gl/fbAQLP

exports[`Textbox renders with InputPresentation and Input and correct props passed to Input 1`] = `
<FormField
  id="mocked-guid"
  labelWidth={30}
  name="mocked-guid"
  size="medium"
  styleOverride={Object {}}
  useValidationIcon={false}
>
  <InputPresentation
    id="mocked-guid"
    inputWidth={70}
    name="mocked-guid"
    size="medium"
    type="text"
  >
    southpaw children
    <Input
      id="mocked-guid"
      name="mocked-guid"
      size="medium"
      type="text"
      value="foobar"
    />
    normal children
    <InputIconToggle
      id="mocked-guid"
      name="mocked-guid"
      size="medium"
      useValidationIcon={true}
    />
  </InputPresentation>
</FormField>
`;
