// Jest Snapshot v1, https://goo.gl/fbAQLP

exports[`ValidationIcon renders with an icon with classic styling 1`] = `
.c0 {
  background: none;
  cursor: pointer;
  display: -webkit-box;
  display: -webkit-flex;
  display: -ms-flexbox;
  display: flex;
  -webkit-align-items: center;
  -webkit-box-align: center;
  -ms-flex-align: center;
  align-items: center;
  margin-top: 0;
  margin-bottom: 0;
  border: 0;
  outline: none;
}

.c0 .c1:before {
  color: #C7384F;
}

.c0 .c1:focus {
  outline: none;
}

<div
  className="c0"
/>
`;
