// Jest Snapshot v1, https://goo.gl/fbAQLP

exports[`HiddenCheckableInput renders as expected 1`] = `
<styled.input
  aria-checked={true}
  aria-describedby="test-help"
  checked={true}
  name="test-name"
  onBlur={[Function]}
  onFocus={[Function]}
  onMouseEnter={[Function]}
  onMouseLeave={[Function]}
  role="test-type"
  tabIndex={0}
  type="test-type"
  value="test-value"
/>
`;
