// Jest Snapshot v1, https://goo.gl/fbAQLP

exports[`MessageContent when rendered should render correctly 1`] = `
<styled.div
  transparent={false}
  variant="info"
>
  <Content
    align="left"
    as="primary"
    bodyFullWidth={false}
    className="message-content"
    inline={false}
  >
    children
  </Content>
</styled.div>
`;
